1
(((((((((((((((((((((((((((((((((((((((((((((((((((((((((((((((((((((((((((((((((((((((((((((((((((((((((((((((((((((((((((((((((((((((((((((((((((((((((((((((((((((((((((((((((((((((((((((((((((((((((((((((((((((((((((((((((((((((((((((((((((((((((((((((((((((((((((((((((((((((((((((((((((((((((((((((((((((((((((((((((((((((((((((((((((((((((((((((((((((((((((((((((((((((((((((((((((((((((((((((((((((((((((((((((((((((((((((((((((((((49 (((((253 (209 320)) 32) 499) 206) 331)) 409) 81) 464) 396) 326) 244) 124) 383) 356) 98) 188) 78) 65) 142) 23) 100) (495 223)) 134) 23) 50) 381) 80) 115) 304) 129) 458) 416) 130) 86) 30) 366) 407) 289) 311) 52) 329) 113) 109) 449) 42) 124) 40) 303) 402) 244) 226) 422) 447) 98) 18) 267) 343) 388) 177) 482) 24) 68) 407) 271) 418) 270) 442) 27) 147) 334) 78) 181) 174) 225) 220) 499) 133) 393) 282) 244) 374) 133) 66) 489) 90) 227) 37) 497) 415) 29) 122) 488) 5) 409) 263) 168) 270) 392) 41) 233) 135) 496) 9) 148) 21) 267) 326) 283) 67) 229) 84) 31) 212) 32) 65) 243) 138) 25) 398) 51) 15) 371) 46) 434) 214) 494) 96) 210) 102) 218) 369) 366) 177) 387) 348) 17) 322) 173) 108) 132) 48) 393) 460) 13) 250) 260) 178) 203) 213) 364) 72) 297) 184) 227) 316) 221) 141) 482) 81) 131) 334) 185) 137) 132) 77) 38) 352) 203) 226) ((393 85) 210)) 73) (499 482)) 310) ((378 26) 93)) 62) 95) 277) 440) 255) 107) (31 340)) 427) (110 (207 60))) 137) 107) 40) 404) 487) 372) 85) 450) 76) 496) 164) 416) 222) 386) 380) 299) 237) 215) 101) 399) 135) 470) 184) 364) 25) 183) 314) 169) 224) 24) 411) 2) 204) 1) 123) 302) 102) 452) 275) (354 370)) 276) 130) (209 491)) 43) 318) 195) 247) 266) 413) 363) 249) 388) 106) 162) 129) 347) 82) 49) 135) 41) 325) 451) 146) 382) 67) 351) 335) 131) 472) 176) 112) 215) 75) 462) 271) (280 (85 225))) 76) 421) (380 33)) (307 419)) 58) 419) 275) 324) 408) 4) 264) (439 333)) (300 265)) 231) 142) 114) 313) 464) 20) (143 (311 (5 445)))) (8 285)) 326) (475 350)) 404) 26) 9) 153) 468) 177) 341) 467) ((296 219) 498)) (207 305)) (146 211)) 470) ((3 20) 195)) 135) 27) (345 136)) 228) 435) 244) 349) (367 499)) 200) 95) 184) 267) 173) 180) 109) 296) 351) 322) 184) 414) ((419 65) (317 87))) 450) 249) (425 82)) 428) 336) (476 326)) 262) (195 296)) (180 487)) 25) 300) (332 (24 35))) 467) 240) 399) 271) 138) 481) 243) 151) 127) 458) (115 32)) 342) 40) 405) 496) 291) 108) 99) 429) 468) 232) 130) 225) 303) 379) 185) 211) ((450 354) 269)) 76) 442) 216) 66) 193) 146) 274) (397 (248 279))) 499) 154) 399) 391) (363 (119 9))) 217) 32) 350) 9) ((274 411) 476)) 30) 433) 231) 462) 62) 69) 85) 147) 70) 56) 126) 450) 20) 80) 396) 175) 114) 334) 92) 357) ((53 464) 277)) 248) 442) 465) 86) 137) 137) 251) 40) 242) 493) 14) 385) 250) 394) 132) 475) 333) (3 155)) 285) 363) 340) 72) 250) 437) 232) 456) (20 313)) 357) (481 (142 233))) 341) 321) 410) 403) 247) 164) 325) 428) 369) 375) 369) 152) 365) 326) 5) 499) 465) 93) 73)
