1
((((((((((((((((((((((((((((((((((((((((((((((((((((((((((((((((((((((((((((((((((((((((((((((3 4) 12) 24) 10) 35) 29) 49) 16) 42) 19) 14) 35) 12) 7) 30) 34) 2) 14) 48) 14) 23) 4) 20) 38) 35) 41) 3) 2) 28) 11) 49) 13) 34) 32) 44) 43) 50) 26) 25) 45) 44) 44) 33) 13) 34) 24) 46) 31) 26) 34) 33) 46) (46 13)) 15) 14) (30 42)) 40) 46) 14) (26 21)) 47) 3) 26) 2) 33) 19) 1) 7) 41) 29) 36) 26) 47) 48) 34) 40) (6 7)) 28) (23 44)) 33) 45) 9) 7) 15) 20) 39) 17) 24) 19) 22) 9) 31) 34) 14)
