1
((((((((((((((((((((((24 ((((12 19) 22) 2) 13)) 12) 19) 8) 15) 5) 17) 1) 5) 8) 24) 17) 9) 12) 8) 8) 9) 22) 6) 3) (5 (17 1))) (19 11))
