1
((((((((((((((((((((((((((((((((((((((((((((((((((((((((((((((((((((((((((((((((((((((((((((((((((((((((((((((((((((((((((((((((((((((((((((((((((((((((((((((((((((((((((((((((((((((((((((((((((((((((((((((((((((((((((((((((((((((((((((((((((((((((((((((((((((((((((((((((((((((((((((((((((((((((((((((((((((((((((((((((((((((((((((((((((((((((((((((((((((((((((((((((((((((((((((((((((((((((((((((((((((((((((((((((((((((((((((((((((((((((((((((((((((((((((((((((((((((((((((((((((((((((((((((((((((((((((((((((((((((((((((((((((((((((((((((((((((((((((((((((((((((((((((((((((((((((((((((((((((((((((((((((((((((((((((((((((((((((((((((((((((((((((((((((((((((((((((((((((((((((((((((((((((((((((((((((((((((((((((((((((((((((((((((((((((((((((((((((((((((((((((((((((((((((((((((((((((((((((((((((((((((((((((((((((((((((((((((((((((((((((((((((((((((((((((((((((((((((((((((((((((((((((((((((((((((((((((((((374 ((627 (((373 387) (461 318)) (444 426))) 840)) 290) 77) 479) 475) 918) 882) 869) 500) 526) (445 (354 821))) 614) 506) 555) 355) (503 172)) 952) 154) (787 40)) 407) 310) 167) 50) 381) 455) 707) 190) 842) 348) 827) 488) 161) 469) 928) 834) 754) 606) 556) 219) 835) 43) 483) 563) 773) 149) 318) 844) 876) 436) 350) 980) 713) 1000) 244) 667) 751) 936) 488) 618) 724) 966) 692) 837) 51) 162) 902) 587) 834) 886) 581) 621) 607) 934) 41) 87) 157) 447) 633) 183) 775) 364) 976) 118) 814) 608) 198) 438) 408) 266) (363 451)) 559) 657) 934) 39) 201) 269) 266) 148) 116) 148) 607) 39) 560) 448) 383) 180) 772) 609) 147) 294) 16) 482) 419) 903) 181) 869) 374) 471) 758) 141) 537) 255) 228) 15) 509) 994) 612) 848) 456) 792) 264) 802) 583) 31) 158) 800) 141) 61) 506) 308) 261) 3) 838) 807) 814) 229) 965) 264) 614) 417) 542) 347) 188) 304) 525) 791) 493) 414) 732) 239) 584) 560) 407) 349) 226) 998) 208) 382) 816) 827) 621) 831) 33) 994) 109) 17) 592) 248) 589) 875) 528) 1000) 585) 393) 62) 893) 572) 234) 842) 18) 661) 534) (10 88)) 860) 884) 600) 258) 632) 311) 984) 181) 177) 989) 58) 731) 617) 984) 435) 99) 232) 266) 312) 544) 160) 499) 198) 681) 575) 23) 199) 591) 459) 802) 634) 140) 285) 373) 863) 321) 696) 155) 786) 793) 525) 545) 738) 298) 810) 336) 73) 79) 191) 304) 392) 404) 785) 982) 571) 143) (943 (407 666))) 743) 633) 208) 155) 537) 552) 919) (657 733)) 239) 583) 373) 616) 208) 723) 631) 424) 44) 512) 592) 610) 354) 699) 555) 619) 760) 119) 981) 439) 776) 645) 371) 92) 382) 494) 28) 437) 975) 652) 157) 161) 238) 1) 249) 199) 92) 942) 580) 917) 696) 840) 289) 286) 903) 852) 83) 2) 842) 796) 360) 734) 599) 847) 291) 536) 653) 808) 484) 592) 632) 177) 644) 346) 26) 808) 859) 659) 534) 979) 359) 460) 456) 543) 648) 170) 69) 151) 828) 353) (604 (535 790))) (480 (735 33))) 466) (615 627)) 852) 194) 863) (171 (461 648))) (719 (522 190))) 822) 260) 912) 463) 24) 471) (837 238)) 160) (634 59)) 360) 721) (952 163)) (116 976)) 514) 914) 397) 753) 212) 235) 512) 39) 974) 857) 981) 540) 209) 988) 342) 229) 204) 119) ((900 582) 707)) 195) 930) 339) 759) 13) 773) 642) 15) 301) 473) 875) 996) 569) 133) 969) 928) 268) (909 445)) 729) 401) 236) 386) 803) 121) 937) 356) 219) 354) 439) 638) 620) 663) 852) 49) 308) 442) 460) 929) 665) 660) 157) 819) 982) 1000) 456) 757) 95) 101) 931) 995) 673) 728) 69) 525) 823) 485) 350) 395) 367) 750) 908) 758) 809) 481) 325) 929) 328) ((905 (95 109)) 580)) (126 493)) 189) 317) (273 597)) 663) 519) 324) 209) (933 622)) 702) 756) 94) 427) 697) 82) 150) 998) 710) 115) 833) 254) 85) 848) 198) 845) 784) 40) 357) 954) 825) 163) 557) 624) 422) 600) 658) 971) 918) 545) 331) 99) 868) 104) 504) 35) 692) 660) 682) 398) 131) 819) 701) 52) 131) 859) 477) 406) 472) 117) 676) 170) 81) 746) 379) 115) 341) 258) 369) 444) (542 372)) 102) 564) 913) 359) (982 648)) 879) 936) 406) (330 645)) 428) 207) 434) 25) 800) 339) 358) (787 663)) 911) 714) 629) 934) 678) 214) 102) 135) 635) 669) 828) 496) 685) 383) 220) 398) 973) 994) 70) 12) 524) 941) 412) 69) 8) 949) 22) 35) 378) 964) 64) 828) 263) (125 356)) 592) 694) 830) 743) 943) 962) 239) 702) 400) 78) 984) 61) (345 457)) 895) 505) 444) 988) 551) (942 2)) (549 703)) 95) (798 (726 628))) 632) 865) 816) (803 285)) 470) (717 73)) 141) 467) 450) 783) (634 500)) 389) (774 782)) 615) 959) 112) 14) 561) 618) 155) (260 858)) 439) 898) 228) 696) (705 498)) 245) (477 (172 604))) 798) 70) 3) 175) ((858 448) 230)) (907 567)) 784) 337) 815) 311) 244) ((413 (561 510)) 796)) 84) 884) 971) 321) 993) 835) 60) 556) 685) 217) 715) 769) 493) (504 95)) 615) (418 (341 943))) 436) 83) 969) 136) ((721 551) 492)) (800 105)) 493) 793) 812) 149) 464) 102) 766) 293) 524) 717) 387) 22) 359) 46) 543) (53 89)) (390 898)) 720) 272) 292) ((661 (548 581)) 900)) 175) 133) 185) 209) 14) 655) 369) 159) 696) 614) 926) 81) 599) (622 625)) 117) 545) 626) 142) 864) 911) 610) 994) 587) 402) 567) (858 379)) 542) 943) (526 104)) 86) 32) 249) 72) 96) 259) 853) 657) 104) (485 267)) 399) 416) (240 216)) 673) 596) 581) 446) 855) 482) 767) 27) 450) 367) 501) 641) 232) 6) 276) 101) 219) 564) 314) 140) 321) 746) 366) 973) 713) 830) 385) 661) 726) 921) 771) 204) 739) 908) 156) 906) 236) 661) 485) 790) 329) 718) 489) 963) 949) 896) 769) 407) 248) 843) 902) 615) 667) 347) 474) 751) 982) 721) 920) 487) 366) 304) 565) 39) 805) 418) 833) 518) 570) 539) 484) 420) 62) 376) 837) 550) 492) 814) 647) 505) 498) 95) 76) 679) 628) 53) 863) 21) 327) 606) 556) 213) 194) 390) 216) 693) 330) 837) 178) 44) 928) 9) 730) 303) 91) 423) 646) 105) 41) 911) 947) 280) 150) 227) 609) 964) 826) 325) 534) 232) 925) 49) 880) 178) 796) 949) 198) 673) 256) 408) 546) 771) 636) 660) 11) 35) 922) 808) 947) 616) 409) 55) 337) 139) 182) ((566 809) 738)) 252) 215) 398) 204) 616) 458) 257) 248) 639) 314) 325) 315) 192) 764) 311) 699) (872 874)) 654) 745) 520) (295 133)) ((776 666) 44)) 338) 942) 587) 245) 601) 498) 401) 426) 765) 649) (805 417)) 44) 736) 796) 256) 291) 989) (216 726)) (414 586)) 886) 813) 619) 272) 965) 189) 797) 798) 490) 70)
