1
((((((((((((((((((((((((((((((((((((((((((((((((((((((((((((((((((40 17) 36) 13) 26) 10) 5) 19) (4 (45 34))) (5 19)) 45) (29 30)) 3) 10) 17) 38) 47) 14) ((5 5) 12)) 12) 14) 49) 30) 31) 8) 27) 46) 30) 49) 47) 41) 31) 25) 47) 37) 22) 1) 24) 15) 27) 38) 7) 17) 15) 43) 12) 30) 50) 3) 29) 27) 27) 50) 39) 15) 43) 43) 5) 12) 16) (10 1)) 1) 18) (20 47)) 40) 44) 34)
