1
((((((((((((((((((((((((((((((((((((((((((((((((((((((((((((((((((((((((((((((((((((((((((((((((((((((((((((((((((((((((((((((((((((((((((((((((((((((((((((((((((((((((((((((((264 ((427 (159 663)) ((554 632) 447))) 607) 739) 309) 892) 349) 230) 528) 891) 171) (348 (856 (235 237)))) (314 907)) 177) 263) 748) 88) 733) 915) 157) 812) 867) 717) 468) 631) 888) 36) 781) (556 331)) 196) 993) 279) (364 (463 268))) 86) 70) (399 632)) 322) 688) 404) 665) 992) 150) 539) 191) 65) 431) 229) 285) 793) 659) 347) 789) 740) 793) 760) 668) 18) 358) 192) 932) 294) 962) 225) 56) 464) 747) 729) 573) 612) 557) 287) 144) 346) 612) 939) 369) 77) 58) 209) 855) (456 580)) (778 ((478 718) 622))) 571) 428) 729) 758) (444 (285 419))) 904) 10) 185) 70) 194) 769) 395) 983) 950) 230) 786) 110) 418) 460) 834) (49 179)) 262) 238) (302 933)) 557) 733) 272) 203) 297) 204) 193) 375) 542) 186) 411) 116) 757) 462) 585) 76) 644) 543) 457) 898) 574) 624) 533) 624) 161) 257) 459) 800) 72) 204) 677) 452) 72) (817 978)) 589) 917) 151) 509) 41) 763) 674) 657) 538) 591) 747) 976) 870) 269) 197) 834) 633) 274) 780) 806) 536) 732) 304) 38) (976 665)) 569) 945) 923) 644) 953) 59) 527) 852) 154) 756) 506) 527)
