1
((((((((((((((((((((((4 14) (12 14)) 25) 1) 24) 6) 18) 10) 4) 15) 6) 16) 25) (21 24)) 11) 25) 7) 16) 15) 15) 21) 7)
