1
(((((((((((((((((((((((((((((((((((((((((((((1 17) (9 9)) 1) 18) 6) 21) 8) 21) 25) 2) 5) 12) 12) 21) 22) 5) 13) 20) 23) 20) 24) 24) 5) 17) 19) 3) 3) 15) (1 13)) 16) 20) 12) 24) 7) 5) 9) 17) 8) 11) 19) 4) 15) 19) 11) ((4 19) 13))
