1
((((((((((((((((((((((((((((((((((((((((((((((((((((((((((((((((((((((((((((((((((((((((((((((((((((((((((((((((((((((((((((((((((((87 81) (16 58)) 43) 78) 88) 67) 27) 74) 91) 85) 20) 39) 76) 75) 30) 56) 54) 74) 51) 82) 35) 24) 97) 36) 18) 50) 9) 24) 8) 94) 57) 70) 27) 36) (10 93)) 72) 52) 18) (44 49)) 35) 83) 81) 87) 79) 85) 40) 15) 19) 31) 64) 56) (4 27)) 91) (62 30)) 89) 61) 89) (19 79)) 39) (100 84)) (68 8)) 10) 38) 83) 83) 70) 11) 29) 99) 72) 49) 92) 11) 61) 71) 82) 9) 3) 3) 64) 27) 56) 71) 39) 12) 25) 100) 18) 10) 42) 59) 6) 49) 51) 30) 81) (54 20)) 73) 59) 43) 15) 12) (36 58)) 7) 53) 45) (46 86)) (90 67)) (45 76)) 24) 11) 100) 70) 86) 78) 45) 69) 39) 20) 73) (72 11)) 75) 98) 72) 9) 42) 44) 15) 1) 69) (68 83)) (20 (57 95)))
