1
(((((((((((((((((((((((((((((((((((((((((((((((((((((((((((((((((((((((((((((((((((((((((((((((((((((((((((((((((((((((((((((((((((((((((((((((((((((((((((((((((((((((((((((((((((((((((((((((((((((((((((((((((((((((((((((((((((((((((((((((((((((((((((((((((((((((((((((((((((((((((((((((((((((((((((((((((((((((((((((((((((((((((((((((((((((((((((((((((((((((((((((((((((((((((((((((((((((((((((((((((((((((((((((((((((((((((((((((((((((((((((((((((((((((((((((((((((((((((((((((((((((((((((((((((((((((((((((((((((((((((((((((((((((((((((((((((((((((((((((((((((((((((((((((((((((((((((((((((((((((((((((((((((((((((((((((((((((((((((((((((((((((((((((((((((((((((((((((((((((((((((((((((((((((((((((((((((((((((((((((((((((((((((((((((((((((((((((((((((((((((((((((((((((((((((((((((((((((((((((((((((((((((((((((((((((((((((((((((((((((((((((((((((((((((((((((((((((((((((((((((((((((((((((((((((((((((((((((((((((((((((((((((((((((((((((((((((((((((((((((((((((452 ((92 ((341 (481 33)) 230)) 41)) 360) 32) 339) 60) 76) 108) 117) 440) (482 (188 270))) 160) 216) 479) 340) 241) 301) 341) 172) 67) 486) 174) 472) 287) 73) 166) 241) 449) 82) 66) 324) 433) 381) 414) 274) 42) 127) 35) 50) 311) 254) 34) 302) 64) 406) 154) 457) 229) 98) 293) 334) 88) 179) 12) 196) 372) 314) 1) 324) 479) 190) 43) 475) 71) 300) 253) 377) 418) 22) 448) 419) 228) 251) 15) 79) 228) 59) 341) 114) 246) 12) 72) 406) 376) 59) 124) 270) 301) 392) 90) 7) 442) 412) 114) 11) 28) 446) 129) 405) 128) 123) 418) 97) 371) 147) 85) 468) 322) 427) 250) 31) 194) 263) 114) 428) 286) 435) 433) 35) 311) 55) 419) 71) 202) 54) 367) 361) 165) 308) (77 13)) (48 227)) 21) 83) 79) 434) 363) 123) 198) 97) 345) 326) 478) 139) 41) 182) 440) 240) 490) 486) 133) 210) 201) 246) 298) 493) 185) 359) 128) 286) 163) 290) 342) 324) 75) 31) 234) 141) 63) 307) 131) 417) 69) 38) 302) 104) 448) 208) 136) 66) 244) 96) 172) 299) 336) 459) 179) 375) 172) 464) 457) 372) 128) 379) 351) 449) 175) 290) 18) 93) 95) 349) 360) 30) 495) 491) 344) 203) 313) 43) 408) 181) 8) 435) 289) 418) 318) 96) 214) 261) 112) 42) 130) 167) 79) 313) 303) 124) 213) 485) 55) 448) 320) 409) 38) 105) 226) 252) 493) 233) 442) 118) 178) 355) 268) 405) 404) 489) 92) 420) 372) 202) 138) 182) 391) 96) 87) 421) 69) 377) 492) 238) 297) 111) 58) 398) 498) 377) 165) 29) 471) 442) 127) 212) 481) 112) 165) 490) 12) 13) 415) 100) 200) 4) 414) 96) 376) 279) 300) 144) 92) 292) 337) 11) 143) 189) 391) 197) 403) 326) 115) 475) 140) 389) 240) 283) 211) 409) 252) 393) 55) 396) 325) 484) 469) 241) 490) 383) 346) 279) 265) 498) 275) 461) 94) 392) 28) 11) 66) 166) 492) 82) 104) 70) 109) 135) 270) 231) 422) 299) 231) 271) 85) 5) 219) 389) 330) 248) 196) 125) 149) 348) 213) 405) 374) 346) 496) 3) 478) 15) 386) 353) 109) 490) 180) 38) 357) 324) 268) 313) 103) 460) 422) 370) 438) 205) 335) 226) 37) 144) 29) 150) 202) 224) 454) 345) 110) 134) 50) 261) 121) 62) 34) 325) 457) 50) 22) 443) 495) 424) 117) 208) 197) 411) 415) 386) 391) 483) 66) 256) 475) 223) 198) 200) 357) 88) 78) 166) 99) 418) 355) 49) 344) 23) 464) 419) 131) 306) 474) 470) 81) 379) 240) 173) 123) 255) 277) 249) 188) 308) 492) 310) 435) 270) 446) 185) 314) 180) 277) 71) 201) 13) 140) 22) 86) 450) (472 (468 111))) (478 199)) 8) 231) 88) 326) 455) 500) 415) 14) 184) 489) 205) 145) 36) 427) 469) 225) ((58 263) 335)) (49 390)) 90) (265 207)) 141) 313) 373) 346) 273) 213) 460) 261) 354) 436) 118) 200) 271) 278) 399) 94) 327) 335) 304) 403) 168) 391) 430) 181) 473) 382) 163) 109) 451) 375) 15) 238) 132) 238) 385) 78) 2) 119) 99) 332) 133) 296) (357 1)) (169 218)) 189) (212 108)) 496) 114) 104) 384) 485) 226) 62) ((227 176) 361)) 377) 15) 131) 162) 122) 437) 303) 301) 71) 209) 117) 38) 272) 458) 179) 199) 292) 323) 208) 228) 414) 351) 281) 310) 171) 82) 197) 127) 251) 188) 259) 427) 208) 112) 187) 20) 253) 429) 353) 115) 68) 469) 492) 88) 270) 277) 212) 299) 317) 397) 475) 350) 214) 95) 76) 204) 150) 191) 54) 194) 426) 306) 241) 418) 213) 177) 282) 81) 290) 96) 196) 414) 360) 394) 261) 428) 252) 176) 308) 262) 243) 163) 395) 383) 430) 385) 189) 210) 210) 445) 424) 351) 86) 174) 406) 354) 500) 426) 14) 69) 234) 258) 346) 129) 158) 201) 294) 445) 225) 42) 492) 412) 442) 284) 351) 196) 262) 476) 472) 316) 110) 397) 431) 380) 164) 356) 437) 52) 374) 28) 222) 283) 133) 376) 462) 497) 213) 255) 379) 412) 30) 255) 379) 308) 21) 114) 337) 183) 275) 98) 199) 471) 466) 188) 419) 420) 145) 395) 321) 453) 204) 476) 241) 482) 326) 329) 50) 227) 340) 219) 160) 437) 493) 14) 473) 354) 96) 498) 466) 210) 178) 239) 30) 96) 26) 372) 298) 300) 168) 88) 37) 316) 191) 183) 283) 31) 162) 39) 222) 143) 240) 61) 138) 403) 201) 239) 129) 58) 259) 13) 318) 152) 335) 42) 313) 99) 332) 92) 141) 134) 416) 428) 390) 28) 140) 470) 244) 213) 14) 267) 74) 295) 28) 454) 439) 240) 405) 175) 333) 73) 343) 413) 170) 16) 142) 237) 222) 227) 28) 349) 352) 376) 400) 205) 107) 478) 493) 121) 4) 237) 451) 178) 30) 164) 18) 376) 201) 398) 251) 177) 430) 198) 492) 231) 149) 25) 128) 225) 356) 307) 156) 3) 256) 422) 345) 58) 149) 438) 201) 243) 282) 316) 485) 53) 430) 285) 8) 360) 59) 439) 243) 26) 83) 353) 459) 317) 465) 2) 55) 343) 149) 115) 317) 3) 426) 285) 214) 73) 449) 148) 156) 80) 373) 490) (151 308)) 348) 75) 229) (42 471)) (293 464)) (118 256)) 466) (308 15)) (6 40)) 404) 466) (164 390)) 292) 29) 452) 22) 47) 444) (49 380)) 198) 217) 415) 334) 61) 145) 142) 458) 176) 354) 226) 97) 234) 219) (61 395)) (371 (60 483))) 340) 328) 111) 5) 267) 438) 205) 309) 494) 36) 50) 260) 429) 455) 359) 397) 428) 143) 444) (429 369)) 202) 103) 329) 372) 435) 190) 309) 421) 347) 333) 377) 332) 462) 373) 459) 167) 444) 159) 465) 422) 81) 176) 239) 87) 205) 326) 483) 109) 293) 297) 399) 3) 349) 343) 260) 28) 108) 394) 352) 356) 120) 183) 162) 402) 217) 104) 258) 90) 90) 485) 346) 441) 172) 48) (220 67))
