1
((((((((((((((((((((((((((((((((((((((((((46 41) 18) 41) 43) 14) 43) 13) 46) 17) 46) 41) 19) 11) 17) 13) 29) 23) 11) 36) 39) 49) 20) (29 1)) 17) 24) (37 25)) 22) 33) 31) 8) ((21 24) 31)) 11) ((45 31) 46)) 11) 47) 19) 31) (36 5)) 17) 18) 20) 16)
