1
((((((((((((((((((((((((((((((((((((((((((((((((((((((((((((((((((((((((((((((((((((((((((((((((((((((((((((((((((((((((((((((((((((((((((((((((((((((((((((((((((((((48 (58 (37 (70 2)))) 44) (70 33)) (51 3)) 57) (78 5)) 23) 75) 38) 91) 42) 98) 92) 13) 99) 7) 50) 8) 11) (3 84)) (99 38)) 9) 7) 36) 84) 100) 96) 39) 13) 6) 56) 20) (51 8)) 23) 19) (45 95)) (67 68)) 90) 97) ((57 95) 5)) (24 22)) 76) 56) 28) (76 (61 13))) (36 69)) 36) 29) 64) 41) 28) 60) 80) 6) 57) 1) 32) 79) 95) 82) 78) 93) 82) 53) 25) 21) 6) 15) 52) 97) 43) 84) 83) 45) 95) 7) 31) 54) 85) 58) ((69 9) 31)) 73) 20) (13 53)) 95) (26 13)) 4) 73) 19) 84) 44) 67) 100) 67) 64) 63) 18) 13) 90) 36) 9) 85) 43) 11) 73) 50) 16) 87) 31) 45) 79) 34) 60) 27) 31) 45) 70) 14) 47) 34) 68) 86) 91) 2) 45) 5) (21 10)) (81 95)) 19) 24) (44 26)) 45) 84) 77) (60 8)) 57) (40 9)) 10) (39 75)) 75) 80) 40) ((5 43) 18)) (74 33)) 3) 39) 12) 75) 12) 74) 74) 39) 6) 92) 20) 99) 27) 41) 88) (38 66)) (60 42)) 73) (66 60)) 43) 24) 7)
