1
(((((((((((((((((((((((((((((((((((((((((((((((((((((((((((((((((((((((((((((((((((((((((((((((((((((((((((((((((((((((((((((((((((((((((((((((((((((((((((((((((((((((((((((((((((((((((((((((((((((((((((((((((((((((((((((((((((((((((((((((((((((((((((((((((((((((((((((((((((((((((((((((((((((((((((((((((((((((((((((((((((((((((((((((((((((((((((((((((((((((((((((((((((((((((((((((((((((((((((((((((((((((((((((((((((((((((((((((((((((((((((((((((((((((((((((((((((((((((((((((((((((((((((((((((((((((((((((((((((((((((((((((((((((((((((((((((((((((((((((((((((((((((((((((((((((((((((((((((((((((((((((((((((((((((((((((((((((((((((((((((((((((((((((((((((((((((((((((((((((((194 193) (117 132)) (181 411)) (245 251)) 116) 376) 365) 343) 171) 442) 66) 100) 103) 227) 180) (362 141)) 101) 289) 123) 410) 102) 471) 114) ((294 273) 320)) 199) 148) 234) 384) 285) 428) 175) 377) 335) 375) 16) 118) ((223 472) 46)) 64) 227) 497) 447) 427) 116) 342) 331) 76) 81) 423) 353) 11) 492) 27) 309) 374) 300) 419) 205) 23) 416) 334) 203) 180) 443) 422) 344) 209) 364) 476) 153) 399) 326) 25) 479) 57) 141) 257) 326) 96) 89) 99) 428) 435) 472) 252) 363) 326) 485) 119) 289) 194) 123) 127) 97) (68 254)) (375 158)) 4) 3) 304) 194) (196 366)) 227) 385) (35 256)) 165) 183) 320) 392) 450) 200) 207) 170) 374) 369) 176) (300 252)) 313) 44) 471) 411) 470) 495) 2) 313) 327) 237) 366) 35) 462) 336) 171) 384) 126) 175) 310) 89) 16) 278) 80) 370) 29) 4) 466) 321) 280) 359) 336) 200) 11) 488) 50) 459) 91) 373) (18 (130 495))) 161) 368) 201) 153) 432) 290) 263) 340) 237) 447) 111) 345) 438) 8) 401) 393) 492) 401) 57) 475) 233) 105) 268) 381) 77) 110) 73) 429) 71) 40) 255) 138) 58) 121) 407) 330) 223) 301) 454) 433) 226) 224) 244) 213) 390) 482) 214) 488) 329) 22) 139) 240) 140) 221) 235) 437) 296) 285) 368) 257) 318) 474) 14) 113) 178) 158) (329 (338 436))) (299 315)) 191) 316) (131 265)) 477) (93 108)) 495) ((145 74) 71)) 205) 75) (284 216)) 127) 489) (316 161)) 351) 462) 453) 455) 429) 402) 310) 483) 275) 308) 301) (284 112)) 384) (213 25)) 232) 431) 194) 232) 76) 29) 456) 485) ((90 271) 363)) 461) 97) 14) 358) 62) 344) 107) 452) 472) 161) 211) 98) (116 191)) 79) 299) 286) 27) 423) 384) 448) 84) 20) (48 373)) 178) 296) 20) (446 81)) 424) 478) 252) 131) 214) ((189 415) 104)) 321) 76) 20) 313) 454) (82 438)) 20) 305) (95 35)) 473) 269) 430) 107) 213) 394) 53) 318) 309) 7) 168) 317) 422) 201) 430) 128) 88) 188) 459) 83) 19) 460) 352) 142) 27) 126) 190) 249) 176) 7) 340) 432) 64) 452) 199) 393) 36) 441) 278) 428) 254) 190) 338) 83) 127) 409) 207) 357) 169) 414) 119) 380) 126) 145) 100) 207) 439) 415) 393) 406) 366) 156) 11) 153) 440) 176) 159) 3) 430) 173) 278) 94) 67) 292) 78) 462) 392) 23) 486) 371) 399) (((435 256) 430) 466)) 264) 67) 80) 465) 479) 175) 285) 186) 265) 180) 361) 118) 358) 282) 230) 302) (271 382)) 415) 432) 160) 159) 207) 152) 428) 410) 126) 438) 406) 39) 81) 347) 435) 363) 41) 147) 355) 317) 236) 212) (54 31)) (229 185)) 412) (52 (249 198))) 159) 184) 105) 459) 473) 355) 90) 418) 352) 224) 37) (454 452)) 254) 345) 105) 52) 222) 407) 167) 25) 322) 467) 181) 156) 123) 470) 371) 465) 3) 341) 32) 53) 227) 113) 18) 53) 424) 238) 37) 254) 209) 94) 108) 252) 342) 317) 119) 8) 246) 196) 20) 41) 290) 337) 91) 416) 355) 101) 164) 451) 267) 121) 274) 223) 389) 487) 497) 118) 14) 352) (376 57)) 382) 108) 451) 486) 423) 369) 129) 15) 440) 139) 403) 419) 25) 144) 107) 335) 115) 288) 214) 133) 413) 46) 274) 52) 417) 263) 48) 373) 362) 225) 483) 342) 382) ((453 158) 344)) 116) 354) 323) (166 23)) 312) 167) 140) 251) 471) 356) 365) 72) 70) 103) (377 215)) (497 268)) 10) 352) 474) (282 153)) 119) 419) 485) 331) 180) 44) 386) 382) 300) (165 312)) 439) 116) 131) (262 59)) 37) 424) 362) 237) 83) 22) (485 (351 196))) 176) 201) 266) 39) 347) 295) 399) 72) 382) 447) 366) 12) 129) 198) 97) 191) 102) (22 88)) 213) 175) 99) 472) (9 496)) 65) (435 133)) 403) 278) 355) 87) 485) 391) 141) (230 378)) (146 28)) (81 (81 229))) 27) 333) 471) 85) 33) 464) 479) (184 164)) 371) (97 485)) (136 442)) 220) 322) 285) 498) 126) 374) 486) 204) 381) 135) 84) 225) 63) 363) 474) 21) 284) 332) 482) 37) 139) 126) 293) 317) 180) 351) 15) 347) 281) 353) 70) 389) 147) 41) 467) 379) 193) 250) 181) 351) 204) 332) 386) 332) 154) 192) (330 (387 444))) 82) 189) 418) 324) 39) 459) 341) (473 235)) 266) 341) 495) 105) 412) ((285 436) 214)) 484)
