1
((((((((((((((((((((((((((((((((((((((((((((((((((((((((((((((((((((((((((((((((((((((((((((((((((((((((((((((((((((((((((((((((((((((((((((((((((((((((((((((((((((((((((((((((((((((((((((((((((((((((((((((((((((((((((((((((((((((((((((((((((((((((((((((((((((((((((((((((((((((((((((((((((((((((((((((((((((((((((((((((((((((((((((((((((((((((((((((((((((((((((((((((((((((((((((((((((((((((((((((((((((((((((((((((((((((((((((((((((((((661 (35 (687 466))) (472 ((319 933) 865))) 345) 230) 595) 720) 627) 282) 301) 919) 933) 845) 326) 456) 241) 818) 479) 956) 869) 534) 883) 731) 716) 763) 720) 978) 506) 613) 438) 597) 105) 224) 632) 212) 787) 167) 260) 643) 315) 680) 435) 945) 802) 296) 932) 395) 753) 992) 431) 903) 572) 702) 319) 35) 271) 385) 468) (937 310)) 368) ((551 161) 167)) 72) 434) (991 962)) 77) 834) 541) 870) 889) 392) 282) 10) 200) 514) 940) 727) 466) 271) 736) 72) 192) 399) 88) 710) 120) 416) 808) 97) 635) 784) 795) 771) 26) 772) 368) 294) 681) 673) 639) 332) 288) 624) 759) 747) 703) 29) 516) 604) 764) 14) 758) 890) 298) 798) 285) 867) 85) 232) 635) 123) 658) 671) 196) 782) 737) 20) (354 243)) 510) 408) 193) 10) 553) ((936 437) 933)) (434 689)) 451) (495 552)) ((774 437) 75)) 996) 763) ((951 822) 742)) 818) 443) 459) 531) 990) 818) 395) 235) 344) 455) 948) 997) 992) 995) (327 396)) 826) (113 988)) 690) 236) 130) 278) 980) 421) 100) 382) 277) 420) 320) 938) 118) 395) 12) 792) 105) 916) 478) 757) 100) 219) 856) 445) 537) 778) 175) 330) 213) 597) 471) 554) 81) 166) 852) 824) 179) 436) 129) 980) 404) 726) 787) 305) 986) 754) 208) 330) 966) 102) 646) 928) 768) 450) 86) 211) 307) 94) 244) 395) 404) 326) 300) 70) 507) 32) (308 174)) 223) 347) 879) 84) 106) 413) 514) 637) 533) 214) 227) 834) 506) 576) 291) 270) 63) 663) 512) 661) 142) 14) 709) 8) 592) 501) 752) 41) 230) 863) 781) 556) 860) 213) 829) 497) 459) 833) 751) 6) 621) 830) (841 237)) (221 189)) (418 860)) 295) 767) 83) 373) 147) (200 304)) 380) 838) (116 789)) 865) 424) 701) 854) 366) 368) (894 (966 75))) 405) 563) 520) 259) 911) 370) 571) 658) (840 579)) 721) 595) 890) 397) 927) 66) 258) 60) 216) ((717 840) 166)) 962) (358 591)) 107) 81) 86) (594 286)) 361) (35 (719 508))) (825 56)) 834) 611) 895) 303) 580) 362) 297) 28) 122) 806) 681) 281) 792) 308) 253) 282) 384) 545) 903) 12) 450) 806) 995) 200) 567) (313 704)) 881) 16) 991) 245) (639 318)) ((217 518) 16)) 806) 364) 638) 519) 616) 392) 817) 232) 857) 153) 495) 859) 690) (60 947)) (530 45)) 217) 24) 51) 750) 408) 777) 962) 210) 476) 989) 398) 34) 698) (861 (65 565))) 409) 626) 690) 263) 245) 113) 476) ((273 835) 639)) 813) 163) 975) 867) (579 430)) 42) (140 (337 996))) 212) 188) 843) (350 25)) 322) 359) 292) 486) 151) (424 (950 826))) 789) 908) 637) 796) 489) (384 208)) (547 842)) 853) 954) 806) 896) 656) 839) 440) (403 165)) 883) 806) (660 370)) 751) 465) 636) 802) 223) (697 (130 18))) 100) 852) ((824 274) 536)) 411) 386) 316) 200) 906) 218) 8) 946) 951) (390 111)) 302) 460) 697)
