1
(((((((((((((((((((((((((((((((((((((((((((((((((((((((((((((((((((((((((((((((((((((((((((((((17 23) 87) 60) 84) 47) 67) 12) 69) 90) 81) 27) 80) 78) 74) 10) 35) 79) 36) 68) 86) 73) 63) 4) 85) 50) 90) 89) 61) 29) 18) 55) 51) 40) 79) 51) 76) 19) 87) 9) 63) 72) 37) 49) 13) 82) 45) 28) 48) 44) 99) 80) 82) 18) 27) 53) 23) 97) 33) 98) 59) 80) 7) 27) 12) 70) 73) 87) 81) 84) 31) 88) 1) 12) 24) 73) 96) 30) 64) 21) 7) 25) 9) 69) 74) 55) 88) 36) 80) 51) 79) 1) 20) ((42 (92 15)) 1)) 37) (98 63))
